urls_downloaded_cb({"token": "gst.object.prototype.ref", "urls": ["gst-editing-services-doc-1.0/javascript/ges-layer.html#ges_layer_remove_clip", "gst-editing-services-doc-1.0/javascript/ges-track.html#ges_track_remove_element", "libgstreamer-doc-1.0/javascript/gstbus.html#gst_bus_disable_sync_message_emission", "libgstreamer-doc-1.0/javascript/gstbin.html#gst_bin_remove", "libgstreamer-doc-1.0/javascript/gstobject.html#page-description"]});