urls_downloaded_cb({"token": "gst.object.prototype.ref", "urls": ["libgstreamer-1.0/javascript/gstbus.html#gst_bus_disable_sync_message_emission", "libgstreamer-1.0/javascript/gstbin.html#gst_bin_remove", "libgstreamer-1.0/javascript/gstobject.html#page-description", "gst-editing-services-1.0/javascript/ges-layer.html#ges_layer_remove_clip", "gst-editing-services-1.0/javascript/ges-track.html#ges_track_remove_element"]});