urls_downloaded_cb({"token": "gst.object.ref", "urls": [{"url": "libgstreamer-1.0/gstobject.html#gst_object_ref", "context": {"gi-language": ["python", "csharp"]}}, {"url": "libgstreamer-1.0/gstbin.html#gst_bin_remove", "context": {"gi-language": ["python", "csharp"]}}, {"url": "libgstreamer-1.0/gstbus.html#gst_bus_disable_sync_message_emission", "context": {"gi-language": ["python", "csharp"]}}]});