urls_downloaded_cb({"token": "gst.prototype.ref", "urls": [{"url": "libgstreamer-1.0/gstobject.html#gst_object_ref", "context": {"gi-language": ["javascript"]}}, {"url": "libgstreamer-1.0/gstdatetime.html#gst_date_time_ref", "context": {"gi-language": ["javascript"]}}, {"url": "libgstreamer-1.0/gstatomicqueue.html#gst_atomic_queue_ref", "context": {"gi-language": ["javascript"]}}, {"url": "libgstreamer-1.0/gstbin.html#gst_bin_remove", "context": {"gi-language": ["javascript"]}}, {"url": "libgstreamer-1.0/gstbus.html#gst_bus_disable_sync_message_emission", "context": {"gi-language": ["javascript"]}}]});